Executing (default): SELECT table_name FROM information_schema.tables WHERE table_schema = 'public' AND table_name = 'users'
Executing (default): SELECT i.relname AS name, ix.indisprimary AS primary, ix.indisunique AS unique, ix.indkey AS indkey, array_agg(a.attnum) as column_indexes, array_agg(a.attname) AS column_names, pg_get_indexdef(ix.indexrelid) AS definition FROM pg_class t, pg_class i, pg_index ix, pg_attribute a WHERE t.oid = ix.indrelid AND i.oid = ix.indexrelid AND a.attrelid = t.oid AND t.relkind = 'r' and t.relname = 'users' GROUP BY i.relname, ix.indexrelid, ix.indisprimary, ix.indisunique, ix.indkey ORDER BY i.relname;
Executing (default): SELECT table_name FROM information_schema.tables WHERE table_schema = 'public' AND table_name = 'tasks'
Executing (default): SELECT i.relname AS name, ix.indisprimary AS primary, ix.indisunique AS unique, ix.indkey AS indkey, array_agg(a.attnum) as column_indexes, array_agg(a.attname) AS column_names, pg_get_indexdef(ix.indexrelid) AS definition FROM pg_class t, pg_class i, pg_index ix, pg_attribute a WHERE t.oid = ix.indrelid AND i.oid = ix.indexrelid AND a.attrelid = t.oid AND t.relkind = 'r' and t.relname = 'tasks' GROUP BY i.relname, ix.indexrelid, ix.indisprimary, ix.indisunique, ix.indkey ORDER BY i.relname;
[07/03/2026 18:03:44] [32mINFO[39m (11500): [36mServer on port 3000[39m
Executing (default): SELECT "users"."id", "users"."username", "users"."status", "tasks"."id" AS "tasks.id", "tasks"."name" AS "tasks.name", "tasks"."done" AS "tasks.done", "tasks"."createdAt" AS "tasks.createdAt", "tasks"."updatedAt" AS "tasks.updatedAt", "tasks"."userId" AS "tasks.userId" FROM "users" AS "users" LEFT OUTER JOIN "tasks" AS "tasks" ON "users"."id" = "tasks"."userId";
Error
    at Query.run (C:\Users\ale_b\OneDrive\Escritorio\proyectos-diplomado\node-base-diplomado\node_modules\sequelize\lib\dialects\postgres\query.js:50:25)
    at C:\Users\ale_b\OneDrive\Escritorio\proyectos-diplomado\node-base-diplomado\node_modules\sequelize\lib\sequelize.js:315:28
    at process.processTicksAndRejections (node:internal/process/task_queues:95:5)
    at async PostgresQueryInterface.select (C:\Users\ale_b\OneDrive\Escritorio\proyectos-diplomado\node-base-diplomado\node_modules\sequelize\lib\dialects\abstract\query-interface.js:407:12)
    at async users.findAll (C:\Users\ale_b\OneDrive\Escritorio\proyectos-diplomado\node-base-diplomado\node_modules\sequelize\lib\model.js:1140:21)
    at async get (file:///C:/Users/ale_b/OneDrive/Escritorio/proyectos-diplomado/node-base-diplomado/src/controllers/user.controller.js:23:19) {
  name: 'SequelizeDatabaseError',
  parent: error: no existe la columna tasks.userId
      at parseErrorMessage (C:\Users\ale_b\OneDrive\Escritorio\proyectos-diplomado\node-base-diplomado\node_modules\pg-protocol\dist\parser.js:305:11)
      at Parser.handlePacket (C:\Users\ale_b\OneDrive\Escritorio\proyectos-diplomado\node-base-diplomado\node_modules\pg-protocol\dist\parser.js:143:27)
      at Parser.parse (C:\Users\ale_b\OneDrive\Escritorio\proyectos-diplomado\node-base-diplomado\node_modules\pg-protocol\dist\parser.js:37:38)
      at Socket.<anonymous> (C:\Users\ale_b\OneDrive\Escritorio\proyectos-diplomado\node-base-diplomado\node_modules\pg-protocol\dist\index.js:11:42)
      at Socket.emit (node:events:519:28)
      at addChunk (node:internal/streams/readable:559:12)
      at readableAddChunkPushByteMode (node:internal/streams/readable:510:3)
      at Readable.push (node:internal/streams/readable:390:5)
      at TCP.onStreamRead (node:internal/stream_base_commons:191:23) {
    length: 181,
    severity: 'ERROR',
    code: '42703',
    detail: undefined,
    hint: 'Probablemente quiera hacer referencia a la columna ┬½tasks.user_id┬╗.',
    position: '348',
    internalPosition: undefined,
    internalQuery: undefined,
    where: undefined,
    schema: undefined,
    table: undefined,
    column: undefined,
    dataType: undefined,
    constraint: undefined,
    file: 'parse_relation.c',
    line: '3732',
    routine: 'errorMissingColumn',
    sql: 'SELECT "users"."id", "users"."username", "users"."status", "tasks"."id" AS "tasks.id", "tasks"."name" AS "tasks.name", "tasks"."done" AS "tasks.done", "tasks"."createdAt" AS "tasks.createdAt", "tasks"."updatedAt" AS "tasks.updatedAt", "tasks"."userId" AS "tasks.userId" FROM "users" AS "users" LEFT OUTER JOIN "tasks" AS "tasks" ON "users"."id" = "tasks"."userId";',
    parameters: undefined
  },
  original: error: no existe la columna tasks.userId
      at parseErrorMessage (C:\Users\ale_b\OneDrive\Escritorio\proyectos-diplomado\node-base-diplomado\node_modules\pg-protocol\dist\parser.js:305:11)
      at Parser.handlePacket (C:\Users\ale_b\OneDrive\Escritorio\proyectos-diplomado\node-base-diplomado\node_modules\pg-protocol\dist\parser.js:143:27)
      at Parser.parse (C:\Users\ale_b\OneDrive\Escritorio\proyectos-diplomado\node-base-diplomado\node_modules\pg-protocol\dist\parser.js:37:38)
      at Socket.<anonymous> (C:\Users\ale_b\OneDrive\Escritorio\proyectos-diplomado\node-base-diplomado\node_modules\pg-protocol\dist\index.js:11:42)
      at Socket.emit (node:events:519:28)
      at addChunk (node:internal/streams/readable:559:12)
      at readableAddChunkPushByteMode (node:internal/streams/readable:510:3)
      at Readable.push (node:internal/streams/readable:390:5)
      at TCP.onStreamRead (node:internal/stream_base_commons:191:23) {
    length: 181,
    severity: 'ERROR',
    code: '42703',
    detail: undefined,
    hint: 'Probablemente quiera hacer referencia a la columna ┬½tasks.user_id┬╗.',
    position: '348',
    internalPosition: undefined,
    internalQuery: undefined,
    where: undefined,
    schema: undefined,
    table: undefined,
    column: undefined,
    dataType: undefined,
    constraint: undefined,
    file: 'parse_relation.c',
    line: '3732',
    routine: 'errorMissingColumn',
    sql: 'SELECT "users"."id", "users"."username", "users"."status", "tasks"."id" AS "tasks.id", "tasks"."name" AS "tasks.name", "tasks"."done" AS "tasks.done", "tasks"."createdAt" AS "tasks.createdAt", "tasks"."updatedAt" AS "tasks.updatedAt", "tasks"."userId" AS "tasks.userId" FROM "users" AS "users" LEFT OUTER JOIN "tasks" AS "tasks" ON "users"."id" = "tasks"."userId";',
    parameters: undefined
  },
  sql: 'SELECT "users"."id", "users"."username", "users"."status", "tasks"."id" AS "tasks.id", "tasks"."name" AS "tasks.name", "tasks"."done" AS "tasks.done", "tasks"."createdAt" AS "tasks.createdAt", "tasks"."updatedAt" AS "tasks.updatedAt", "tasks"."userId" AS "tasks.userId" FROM "users" AS "users" LEFT OUTER JOIN "tasks" AS "tasks" ON "users"."id" = "tasks"."userId";',
  parameters: {}
}
::1 - - [07/Mar/2026:22:39:55 +0000] "GET /api/users HTTP/1.1" 500 34 "-" "curl/8.16.0"
Executing (default): SELECT "users"."id", "users"."username", "users"."status", "tasks"."id" AS "tasks.id", "tasks"."name" AS "tasks.name", "tasks"."done" AS "tasks.done", "tasks"."createdAt" AS "tasks.createdAt", "tasks"."updatedAt" AS "tasks.updatedAt", "tasks"."userId" AS "tasks.userId" FROM "users" AS "users" LEFT OUTER JOIN "tasks" AS "tasks" ON "users"."id" = "tasks"."userId";
Error
    at Query.run (C:\Users\ale_b\OneDrive\Escritorio\proyectos-diplomado\node-base-diplomado\node_modules\sequelize\lib\dialects\postgres\query.js:50:25)
    at C:\Users\ale_b\OneDrive\Escritorio\proyectos-diplomado\node-base-diplomado\node_modules\sequelize\lib\sequelize.js:315:28
    at process.processTicksAndRejections (node:internal/process/task_queues:95:5)
    at async PostgresQueryInterface.select (C:\Users\ale_b\OneDrive\Escritorio\proyectos-diplomado\node-base-diplomado\node_modules\sequelize\lib\dialects\abstract\query-interface.js:407:12)
    at async users.findAll (C:\Users\ale_b\OneDrive\Escritorio\proyectos-diplomado\node-base-diplomado\node_modules\sequelize\lib\model.js:1140:21)
    at async get (file:///C:/Users/ale_b/OneDrive/Escritorio/proyectos-diplomado/node-base-diplomado/src/controllers/user.controller.js:23:19) {
  name: 'SequelizeDatabaseError',
  parent: error: no existe la columna tasks.userId
      at parseErrorMessage (C:\Users\ale_b\OneDrive\Escritorio\proyectos-diplomado\node-base-diplomado\node_modules\pg-protocol\dist\parser.js:305:11)
      at Parser.handlePacket (C:\Users\ale_b\OneDrive\Escritorio\proyectos-diplomado\node-base-diplomado\node_modules\pg-protocol\dist\parser.js:143:27)
      at Parser.parse (C:\Users\ale_b\OneDrive\Escritorio\proyectos-diplomado\node-base-diplomado\node_modules\pg-protocol\dist\parser.js:37:38)
      at Socket.<anonymous> (C:\Users\ale_b\OneDrive\Escritorio\proyectos-diplomado\node-base-diplomado\node_modules\pg-protocol\dist\index.js:11:42)
      at Socket.emit (node:events:519:28)
      at addChunk (node:internal/streams/readable:559:12)
      at readableAddChunkPushByteMode (node:internal/streams/readable:510:3)
      at Readable.push (node:internal/streams/readable:390:5)
      at TCP.onStreamRead (node:internal/stream_base_commons:191:23) {
    length: 181,
    severity: 'ERROR',
    code: '42703',
    detail: undefined,
    hint: 'Probablemente quiera hacer referencia a la columna ┬½tasks.user_id┬╗.',
    position: '348',
    internalPosition: undefined,
    internalQuery: undefined,
    where: undefined,
    schema: undefined,
    table: undefined,
    column: undefined,
    dataType: undefined,
    constraint: undefined,
    file: 'parse_relation.c',
    line: '3732',
    routine: 'errorMissingColumn',
    sql: 'SELECT "users"."id", "users"."username", "users"."status", "tasks"."id" AS "tasks.id", "tasks"."name" AS "tasks.name", "tasks"."done" AS "tasks.done", "tasks"."createdAt" AS "tasks.createdAt", "tasks"."updatedAt" AS "tasks.updatedAt", "tasks"."userId" AS "tasks.userId" FROM "users" AS "users" LEFT OUTER JOIN "tasks" AS "tasks" ON "users"."id" = "tasks"."userId";',
    parameters: undefined
  },
  original: error: no existe la columna tasks.userId
      at parseErrorMessage (C:\Users\ale_b\OneDrive\Escritorio\proyectos-diplomado\node-base-diplomado\node_modules\pg-protocol\dist\parser.js:305:11)
      at Parser.handlePacket (C:\Users\ale_b\OneDrive\Escritorio\proyectos-diplomado\node-base-diplomado\node_modules\pg-protocol\dist\parser.js:143:27)
      at Parser.parse (C:\Users\ale_b\OneDrive\Escritorio\proyectos-diplomado\node-base-diplomado\node_modules\pg-protocol\dist\parser.js:37:38)
      at Socket.<anonymous> (C:\Users\ale_b\OneDrive\Escritorio\proyectos-diplomado\node-base-diplomado\node_modules\pg-protocol\dist\index.js:11:42)
      at Socket.emit (node:events:519:28)
      at addChunk (node:internal/streams/readable:559:12)
      at readableAddChunkPushByteMode (node:internal/streams/readable:510:3)
      at Readable.push (node:internal/streams/readable:390:5)
      at TCP.onStreamRead (node:internal/stream_base_commons:191:23) {
    length: 181,
    severity: 'ERROR',
    code: '42703',
    detail: undefined,
    hint: 'Probablemente quiera hacer referencia a la columna ┬½tasks.user_id┬╗.',
    position: '348',
    internalPosition: undefined,
    internalQuery: undefined,
    where: undefined,
    schema: undefined,
    table: undefined,
    column: undefined,
    dataType: undefined,
    constraint: undefined,
    file: 'parse_relation.c',
    line: '3732',
    routine: 'errorMissingColumn',
    sql: 'SELECT "users"."id", "users"."username", "users"."status", "tasks"."id" AS "tasks.id", "tasks"."name" AS "tasks.name", "tasks"."done" AS "tasks.done", "tasks"."createdAt" AS "tasks.createdAt", "tasks"."updatedAt" AS "tasks.updatedAt", "tasks"."userId" AS "tasks.userId" FROM "users" AS "users" LEFT OUTER JOIN "tasks" AS "tasks" ON "users"."id" = "tasks"."userId";',
    parameters: undefined
  },
  sql: 'SELECT "users"."id", "users"."username", "users"."status", "tasks"."id" AS "tasks.id", "tasks"."name" AS "tasks.name", "tasks"."done" AS "tasks.done", "tasks"."createdAt" AS "tasks.createdAt", "tasks"."updatedAt" AS "tasks.updatedAt", "tasks"."userId" AS "tasks.userId" FROM "users" AS "users" LEFT OUTER JOIN "tasks" AS "tasks" ON "users"."id" = "tasks"."userId";',
  parameters: {}
}
::ffff:127.0.0.1 - - [07/Mar/2026:22:40:37 +0000] "GET /api/users HTTP/1.1" 500 34 "-" "insomnia/12.3.1"
Executing (default): SELECT "users"."id", "users"."username", "users"."status", "tasks"."id" AS "tasks.id", "tasks"."name" AS "tasks.name", "tasks"."done" AS "tasks.done", "tasks"."createdAt" AS "tasks.createdAt", "tasks"."updatedAt" AS "tasks.updatedAt", "tasks"."userId" AS "tasks.userId" FROM "users" AS "users" LEFT OUTER JOIN "tasks" AS "tasks" ON "users"."id" = "tasks"."userId";
Error
    at Query.run (C:\Users\ale_b\OneDrive\Escritorio\proyectos-diplomado\node-base-diplomado\node_modules\sequelize\lib\dialects\postgres\query.js:50:25)
    at C:\Users\ale_b\OneDrive\Escritorio\proyectos-diplomado\node-base-diplomado\node_modules\sequelize\lib\sequelize.js:315:28
    at process.processTicksAndRejections (node:internal/process/task_queues:95:5)
    at async PostgresQueryInterface.select (C:\Users\ale_b\OneDrive\Escritorio\proyectos-diplomado\node-base-diplomado\node_modules\sequelize\lib\dialects\abstract\query-interface.js:407:12)
    at async users.findAll (C:\Users\ale_b\OneDrive\Escritorio\proyectos-diplomado\node-base-diplomado\node_modules\sequelize\lib\model.js:1140:21)
    at async get (file:///C:/Users/ale_b/OneDrive/Escritorio/proyectos-diplomado/node-base-diplomado/src/controllers/user.controller.js:23:19) {
  name: 'SequelizeDatabaseError',
  parent: error: no existe la columna tasks.userId
      at parseErrorMessage (C:\Users\ale_b\OneDrive\Escritorio\proyectos-diplomado\node-base-diplomado\node_modules\pg-protocol\dist\parser.js:305:11)
      at Parser.handlePacket (C:\Users\ale_b\OneDrive\Escritorio\proyectos-diplomado\node-base-diplomado\node_modules\pg-protocol\dist\parser.js:143:27)
      at Parser.parse (C:\Users\ale_b\OneDrive\Escritorio\proyectos-diplomado\node-base-diplomado\node_modules\pg-protocol\dist\parser.js:37:38)
      at Socket.<anonymous> (C:\Users\ale_b\OneDrive\Escritorio\proyectos-diplomado\node-base-diplomado\node_modules\pg-protocol\dist\index.js:11:42)
      at Socket.emit (node:events:519:28)
      at addChunk (node:internal/streams/readable:559:12)
      at readableAddChunkPushByteMode (node:internal/streams/readable:510:3)
      at Readable.push (node:internal/streams/readable:390:5)
      at TCP.onStreamRead (node:internal/stream_base_commons:191:23) {
    length: 181,
    severity: 'ERROR',
    code: '42703',
    detail: undefined,
    hint: 'Probablemente quiera hacer referencia a la columna ┬½tasks.user_id┬╗.',
    position: '348',
    internalPosition: undefined,
    internalQuery: undefined,
    where: undefined,
    schema: undefined,
    table: undefined,
    column: undefined,
    dataType: undefined,
    constraint: undefined,
    file: 'parse_relation.c',
    line: '3732',
    routine: 'errorMissingColumn',
    sql: 'SELECT "users"."id", "users"."username", "users"."status", "tasks"."id" AS "tasks.id", "tasks"."name" AS "tasks.name", "tasks"."done" AS "tasks.done", "tasks"."createdAt" AS "tasks.createdAt", "tasks"."updatedAt" AS "tasks.updatedAt", "tasks"."userId" AS "tasks.userId" FROM "users" AS "users" LEFT OUTER JOIN "tasks" AS "tasks" ON "users"."id" = "tasks"."userId";',
    parameters: undefined
  },
  original: error: no existe la columna tasks.userId
      at parseErrorMessage (C:\Users\ale_b\OneDrive\Escritorio\proyectos-diplomado\node-base-diplomado\node_modules\pg-protocol\dist\parser.js:305:11)
      at Parser.handlePacket (C:\Users\ale_b\OneDrive\Escritorio\proyectos-diplomado\node-base-diplomado\node_modules\pg-protocol\dist\parser.js:143:27)
      at Parser.parse (C:\Users\ale_b\OneDrive\Escritorio\proyectos-diplomado\node-base-diplomado\node_modules\pg-protocol\dist\parser.js:37:38)
      at Socket.<anonymous> (C:\Users\ale_b\OneDrive\Escritorio\proyectos-diplomado\node-base-diplomado\node_modules\pg-protocol\dist\index.js:11:42)
      at Socket.emit (node:events:519:28)
      at addChunk (node:internal/streams/readable:559:12)
      at readableAddChunkPushByteMode (node:internal/streams/readable:510:3)
      at Readable.push (node:internal/streams/readable:390:5)
      at TCP.onStreamRead (node:internal/stream_base_commons:191:23) {
    length: 181,
    severity: 'ERROR',
    code: '42703',
    detail: undefined,
    hint: 'Probablemente quiera hacer referencia a la columna ┬½tasks.user_id┬╗.',
    position: '348',
    internalPosition: undefined,
    internalQuery: undefined,
    where: undefined,
    schema: undefined,
    table: undefined,
    column: undefined,
    dataType: undefined,
    constraint: undefined,
    file: 'parse_relation.c',
    line: '3732',
    routine: 'errorMissingColumn',
    sql: 'SELECT "users"."id", "users"."username", "users"."status", "tasks"."id" AS "tasks.id", "tasks"."name" AS "tasks.name", "tasks"."done" AS "tasks.done", "tasks"."createdAt" AS "tasks.createdAt", "tasks"."updatedAt" AS "tasks.updatedAt", "tasks"."userId" AS "tasks.userId" FROM "users" AS "users" LEFT OUTER JOIN "tasks" AS "tasks" ON "users"."id" = "tasks"."userId";',
    parameters: undefined
  },
  sql: 'SELECT "users"."id", "users"."username", "users"."status", "tasks"."id" AS "tasks.id", "tasks"."name" AS "tasks.name", "tasks"."done" AS "tasks.done", "tasks"."createdAt" AS "tasks.createdAt", "tasks"."updatedAt" AS "tasks.updatedAt", "tasks"."userId" AS "tasks.userId" FROM "users" AS "users" LEFT OUTER JOIN "tasks" AS "tasks" ON "users"."id" = "tasks"."userId";',
  parameters: {}
}
::ffff:127.0.0.1 - - [07/Mar/2026:22:40:38 +0000] "GET /api/users HTTP/1.1" 500 34 "-" "insomnia/12.3.1"
Executing (default): SELECT "users"."id", "users"."username", "users"."status", "tasks"."id" AS "tasks.id", "tasks"."name" AS "tasks.name", "tasks"."done" AS "tasks.done", "tasks"."createdAt" AS "tasks.createdAt", "tasks"."updatedAt" AS "tasks.updatedAt", "tasks"."userId" AS "tasks.userId" FROM "users" AS "users" LEFT OUTER JOIN "tasks" AS "tasks" ON "users"."id" = "tasks"."userId";
Error
    at Query.run (C:\Users\ale_b\OneDrive\Escritorio\proyectos-diplomado\node-base-diplomado\node_modules\sequelize\lib\dialects\postgres\query.js:50:25)
    at C:\Users\ale_b\OneDrive\Escritorio\proyectos-diplomado\node-base-diplomado\node_modules\sequelize\lib\sequelize.js:315:28
    at process.processTicksAndRejections (node:internal/process/task_queues:95:5)
    at async PostgresQueryInterface.select (C:\Users\ale_b\OneDrive\Escritorio\proyectos-diplomado\node-base-diplomado\node_modules\sequelize\lib\dialects\abstract\query-interface.js:407:12)
    at async users.findAll (C:\Users\ale_b\OneDrive\Escritorio\proyectos-diplomado\node-base-diplomado\node_modules\sequelize\lib\model.js:1140:21)
    at async get (file:///C:/Users/ale_b/OneDrive/Escritorio/proyectos-diplomado/node-base-diplomado/src/controllers/user.controller.js:23:19) {
  name: 'SequelizeDatabaseError',
  parent: error: no existe la columna tasks.userId
      at parseErrorMessage (C:\Users\ale_b\OneDrive\Escritorio\proyectos-diplomado\node-base-diplomado\node_modules\pg-protocol\dist\parser.js:305:11)
      at Parser.handlePacket (C:\Users\ale_b\OneDrive\Escritorio\proyectos-diplomado\node-base-diplomado\node_modules\pg-protocol\dist\parser.js:143:27)
      at Parser.parse (C:\Users\ale_b\OneDrive\Escritorio\proyectos-diplomado\node-base-diplomado\node_modules\pg-protocol\dist\parser.js:37:38)
      at Socket.<anonymous> (C:\Users\ale_b\OneDrive\Escritorio\proyectos-diplomado\node-base-diplomado\node_modules\pg-protocol\dist\index.js:11:42)
      at Socket.emit (node:events:519:28)
      at addChunk (node:internal/streams/readable:559:12)
      at readableAddChunkPushByteMode (node:internal/streams/readable:510:3)
      at Readable.push (node:internal/streams/readable:390:5)
      at TCP.onStreamRead (node:internal/stream_base_commons:191:23) {
    length: 181,
    severity: 'ERROR',
    code: '42703',
    detail: undefined,
    hint: 'Probablemente quiera hacer referencia a la columna ┬½tasks.user_id┬╗.',
    position: '348',
    internalPosition: undefined,
    internalQuery: undefined,
    where: undefined,
    schema: undefined,
    table: undefined,
    column: undefined,
    dataType: undefined,
    constraint: undefined,
    file: 'parse_relation.c',
    line: '3732',
    routine: 'errorMissingColumn',
    sql: 'SELECT "users"."id", "users"."username", "users"."status", "tasks"."id" AS "tasks.id", "tasks"."name" AS "tasks.name", "tasks"."done" AS "tasks.done", "tasks"."createdAt" AS "tasks.createdAt", "tasks"."updatedAt" AS "tasks.updatedAt", "tasks"."userId" AS "tasks.userId" FROM "users" AS "users" LEFT OUTER JOIN "tasks" AS "tasks" ON "users"."id" = "tasks"."userId";',
    parameters: undefined
  },
  original: error: no existe la columna tasks.userId
      at parseErrorMessage (C:\Users\ale_b\OneDrive\Escritorio\proyectos-diplomado\node-base-diplomado\node_modules\pg-protocol\dist\parser.js:305:11)
      at Parser.handlePacket (C:\Users\ale_b\OneDrive\Escritorio\proyectos-diplomado\node-base-diplomado\node_modules\pg-protocol\dist\parser.js:143:27)
      at Parser.parse (C:\Users\ale_b\OneDrive\Escritorio\proyectos-diplomado\node-base-diplomado\node_modules\pg-protocol\dist\parser.js:37:38)
      at Socket.<anonymous> (C:\Users\ale_b\OneDrive\Escritorio\proyectos-diplomado\node-base-diplomado\node_modules\pg-protocol\dist\index.js:11:42)
      at Socket.emit (node:events:519:28)
      at addChunk (node:internal/streams/readable:559:12)
      at readableAddChunkPushByteMode (node:internal/streams/readable:510:3)
      at Readable.push (node:internal/streams/readable:390:5)
      at TCP.onStreamRead (node:internal/stream_base_commons:191:23) {
    length: 181,
    severity: 'ERROR',
    code: '42703',
    detail: undefined,
    hint: 'Probablemente quiera hacer referencia a la columna ┬½tasks.user_id┬╗.',
    position: '348',
    internalPosition: undefined,
    internalQuery: undefined,
    where: undefined,
    schema: undefined,
    table: undefined,
    column: undefined,
    dataType: undefined,
    constraint: undefined,
    file: 'parse_relation.c',
    line: '3732',
    routine: 'errorMissingColumn',
    sql: 'SELECT "users"."id", "users"."username", "users"."status", "tasks"."id" AS "tasks.id", "tasks"."name" AS "tasks.name", "tasks"."done" AS "tasks.done", "tasks"."createdAt" AS "tasks.createdAt", "tasks"."updatedAt" AS "tasks.updatedAt", "tasks"."userId" AS "tasks.userId" FROM "users" AS "users" LEFT OUTER JOIN "tasks" AS "tasks" ON "users"."id" = "tasks"."userId";',
    parameters: undefined
  },
  sql: 'SELECT "users"."id", "users"."username", "users"."status", "tasks"."id" AS "tasks.id", "tasks"."name" AS "tasks.name", "tasks"."done" AS "tasks.done", "tasks"."createdAt" AS "tasks.createdAt", "tasks"."updatedAt" AS "tasks.updatedAt", "tasks"."userId" AS "tasks.userId" FROM "users" AS "users" LEFT OUTER JOIN "tasks" AS "tasks" ON "users"."id" = "tasks"."userId";',
  parameters: {}
}
::ffff:127.0.0.1 - - [07/Mar/2026:22:40:52 +0000] "GET /api/users HTTP/1.1" 500 34 "-" "insomnia/12.3.1"
Executing (default): SELECT "users"."id", "users"."username", "users"."status", "tasks"."id" AS "tasks.id", "tasks"."name" AS "tasks.name", "tasks"."done" AS "tasks.done", "tasks"."createdAt" AS "tasks.createdAt", "tasks"."updatedAt" AS "tasks.updatedAt", "tasks"."userId" AS "tasks.userId" FROM "users" AS "users" LEFT OUTER JOIN "tasks" AS "tasks" ON "users"."id" = "tasks"."userId";
Error
    at Query.run (C:\Users\ale_b\OneDrive\Escritorio\proyectos-diplomado\node-base-diplomado\node_modules\sequelize\lib\dialects\postgres\query.js:50:25)
    at C:\Users\ale_b\OneDrive\Escritorio\proyectos-diplomado\node-base-diplomado\node_modules\sequelize\lib\sequelize.js:315:28
    at process.processTicksAndRejections (node:internal/process/task_queues:95:5)
    at async PostgresQueryInterface.select (C:\Users\ale_b\OneDrive\Escritorio\proyectos-diplomado\node-base-diplomado\node_modules\sequelize\lib\dialects\abstract\query-interface.js:407:12)
    at async users.findAll (C:\Users\ale_b\OneDrive\Escritorio\proyectos-diplomado\node-base-diplomado\node_modules\sequelize\lib\model.js:1140:21)
    at async get (file:///C:/Users/ale_b/OneDrive/Escritorio/proyectos-diplomado/node-base-diplomado/src/controllers/user.controller.js:23:19) {
  name: 'SequelizeDatabaseError',
  parent: error: no existe la columna tasks.userId
      at parseErrorMessage (C:\Users\ale_b\OneDrive\Escritorio\proyectos-diplomado\node-base-diplomado\node_modules\pg-protocol\dist\parser.js:305:11)
      at Parser.handlePacket (C:\Users\ale_b\OneDrive\Escritorio\proyectos-diplomado\node-base-diplomado\node_modules\pg-protocol\dist\parser.js:143:27)
      at Parser.parse (C:\Users\ale_b\OneDrive\Escritorio\proyectos-diplomado\node-base-diplomado\node_modules\pg-protocol\dist\parser.js:37:38)
      at Socket.<anonymous> (C:\Users\ale_b\OneDrive\Escritorio\proyectos-diplomado\node-base-diplomado\node_modules\pg-protocol\dist\index.js:11:42)
      at Socket.emit (node:events:519:28)
      at addChunk (node:internal/streams/readable:559:12)
      at readableAddChunkPushByteMode (node:internal/streams/readable:510:3)
      at Readable.push (node:internal/streams/readable:390:5)
      at TCP.onStreamRead (node:internal/stream_base_commons:191:23) {
    length: 181,
    severity: 'ERROR',
    code: '42703',
    detail: undefined,
    hint: 'Probablemente quiera hacer referencia a la columna ┬½tasks.user_id┬╗.',
    position: '348',
    internalPosition: undefined,
    internalQuery: undefined,
    where: undefined,
    schema: undefined,
    table: undefined,
    column: undefined,
    dataType: undefined,
    constraint: undefined,
    file: 'parse_relation.c',
    line: '3732',
    routine: 'errorMissingColumn',
    sql: 'SELECT "users"."id", "users"."username", "users"."status", "tasks"."id" AS "tasks.id", "tasks"."name" AS "tasks.name", "tasks"."done" AS "tasks.done", "tasks"."createdAt" AS "tasks.createdAt", "tasks"."updatedAt" AS "tasks.updatedAt", "tasks"."userId" AS "tasks.userId" FROM "users" AS "users" LEFT OUTER JOIN "tasks" AS "tasks" ON "users"."id" = "tasks"."userId";',
    parameters: undefined
  },
  original: error: no existe la columna tasks.userId
      at parseErrorMessage (C:\Users\ale_b\OneDrive\Escritorio\proyectos-diplomado\node-base-diplomado\node_modules\pg-protocol\dist\parser.js:305:11)
      at Parser.handlePacket (C:\Users\ale_b\OneDrive\Escritorio\proyectos-diplomado\node-base-diplomado\node_modules\pg-protocol\dist\parser.js:143:27)
      at Parser.parse (C:\Users\ale_b\OneDrive\Escritorio\proyectos-diplomado\node-base-diplomado\node_modules\pg-protocol\dist\parser.js:37:38)
      at Socket.<anonymous> (C:\Users\ale_b\OneDrive\Escritorio\proyectos-diplomado\node-base-diplomado\node_modules\pg-protocol\dist\index.js:11:42)
      at Socket.emit (node:events:519:28)
      at addChunk (node:internal/streams/readable:559:12)
      at readableAddChunkPushByteMode (node:internal/streams/readable:510:3)
      at Readable.push (node:internal/streams/readable:390:5)
      at TCP.onStreamRead (node:internal/stream_base_commons:191:23) {
    length: 181,
    severity: 'ERROR',
    code: '42703',
    detail: undefined,
    hint: 'Probablemente quiera hacer referencia a la columna ┬½tasks.user_id┬╗.',
    position: '348',
    internalPosition: undefined,
    internalQuery: undefined,
    where: undefined,
    schema: undefined,
    table: undefined,
    column: undefined,
    dataType: undefined,
    constraint: undefined,
    file: 'parse_relation.c',
    line: '3732',
    routine: 'errorMissingColumn',
    sql: 'SELECT "users"."id", "users"."username", "users"."status", "tasks"."id" AS "tasks.id", "tasks"."name" AS "tasks.name", "tasks"."done" AS "tasks.done", "tasks"."createdAt" AS "tasks.createdAt", "tasks"."updatedAt" AS "tasks.updatedAt", "tasks"."userId" AS "tasks.userId" FROM "users" AS "users" LEFT OUTER JOIN "tasks" AS "tasks" ON "users"."id" = "tasks"."userId";',
    parameters: undefined
  },
  sql: 'SELECT "users"."id", "users"."username", "users"."status", "tasks"."id" AS "tasks.id", "tasks"."name" AS "tasks.name", "tasks"."done" AS "tasks.done", "tasks"."createdAt" AS "tasks.createdAt", "tasks"."updatedAt" AS "tasks.updatedAt", "tasks"."userId" AS "tasks.userId" FROM "users" AS "users" LEFT OUTER JOIN "tasks" AS "tasks" ON "users"."id" = "tasks"."userId";',
  parameters: {}
}
::ffff:127.0.0.1 - - [07/Mar/2026:22:41:22 +0000] "GET /api/users HTTP/1.1" 500 34 "-" "insomnia/12.3.1"
Executing (default): INSERT INTO "users" ("id","username","password","status","createdAt","updatedAt") VALUES (DEFAULT,$1,$2,$3,$4,$5) RETURNING "id","username","password","status","createdAt","updatedAt";
::ffff:127.0.0.1 - - [07/Mar/2026:22:41:28 +0000] "POST /api/users HTTP/1.1" 200 202 "-" "insomnia/12.3.1"
